test_func error: ZeroDivisionError, (0,), {}
